
> aura-inventory@0.1.0 build
> next build

Γû▓ Next.js 16.2.2 (Turbopack)
- Environments: .env.local

  Creating an optimized production build ...
Γ£ô Compiled successfully in 4.1s
  Running TypeScript ...
  Finished TypeScript in 4.9s ...
  Collecting page data using 11 workers ...
  Generating static pages using 11 workers (0/18) ...
npm : Error occurred prerendering page "/customers/add". Read more: 
https://nextjs.org/docs/messages/prerender-error
At line:1 char:1
+ npm run build > build_output.log 2>&1
+ ~~~~~~~~~~~~~~~~~~~~~~~~~~~~~~~~~~~~~
    + CategoryInfo          : NotSpecified: (Error occurred ...prerender-error:St 
   ring) [], RemoteException
    + FullyQualifiedErrorId : NativeCommandError
 
Error: Invalid supabaseUrl: Must be a valid HTTP or HTTPS URL.
    at <unknown> 
(D:\AI\Antigravity\aura-inventory\.next\server\chunks\ssr\_0rya7s9._.js:37:43510)
    at new cv 
(D:\AI\Antigravity\aura-inventory\.next\server\chunks\ssr\_0rya7s9._.js:37:43692)
    at <unknown> 
(D:\AI\Antigravity\aura-inventory\.next\server\chunks\ssr\_0rya7s9._.js:59:4318)
    at <unknown> 
(D:\AI\Antigravity\aura-inventory\.next\server\chunks\ssr\_0rya7s9._.js:59:4551)
    at <unknown> 
(D:\AI\Antigravity\aura-inventory\.next\server\chunks\ssr\_04ixa2g._.js:1:3264) {
  digest: '1455892388'
}
Export encountered an error on /customers/add/page: /customers/add, exiting the 
build.
Γ¿» Next.js build worker exited with code: 1 and signal: null
